[    0.000000] Initializing cgroup subsys cpuset
[    0.000000] Initializing cgroup subsys cpu
[    0.000000] Initializing cgroup subsys cpuacct
[    0.000000] Linux version 4.4.0-87-generic (buildd@lcy01-31) (gcc version 5.4.0 20160609 (Ubuntu 5.4.0-6ubuntu1~16.04.4) ) #110-Ubuntu SMP Tue Jul 18 12:55:35 UTC 2017 (Ubuntu 4.4.0-87.110-generic 4.4.73)
[    0.000000] Command line: BOOT_IMAGE=/boot/vmlinuz-4.4.0-87-generic root=UUID=a857a24a-1868-4c99-8a07-8e21a52a42ae ro console=tty1 console=ttyS0
[    0.000000] KERNEL supported cpus:
[    0.000000]   Intel GenuineIntel
[    0.000000]   AMD AuthenticAMD
[    0.000000]   Centaur CentaurHauls
[    0.000000] ------------[ cut here ]------------
[    0.000000] WARNING: CPU: 0 PID: 0 at /build/linux-5EyXrQ/linux-4.4.0/arch/x86/kernel/fpu/xstate.c:517 fpu__init_system_xstate+0x38b/0x75a()
[    0.000000] XSAVE consistency problem, dumping leaves
[    0.000000] Modules linked in:
[    0.000000] CPU: 0 PID: 0 Comm: swapper Not tainted 4.4.0-87-generic #110-Ubuntu
[    0.000000]  0000000000000086 e52f6517f636b396 ffffffff81e03d80 ffffffff813f9903
[    0.000000]  ffffffff81e03dc8 ffffffff81caa0d0 ffffffff81e03db8 ffffffff81081332
[    0.000000]  ffffffff81e03e48 ffffffff81e03e4c 0000000000000008 0000000000000100
[    0.000000] Call Trace:
[    0.000000]  [<ffffffff813f9903>] dump_stack+0x63/0x90
[    0.000000]  [<ffffffff81081332>] warn_slowpath_common+0x82/0xc0
[    0.000000]  [<ffffffff810813cc>] warn_slowpath_fmt+0x5c/0x80
[    0.000000]  [<ffffffff8107d040>] ? xfeature_size+0x59/0x77
[    0.000000]  [<ffffffff81f6d206>] fpu__init_system_xstate+0x38b/0x75a
[    0.000000]  [<ffffffff81f5d120>] ? early_idt_handler_array+0x120/0x120
[    0.000000]  [<ffffffff81f6cb71>] fpu__init_system+0x10d/0x245
[    0.000000]  [<ffffffff81f6dc7a>] early_cpu_init+0x139/0x13e
[    0.000000]  [<ffffffff81f6dc7a>] ? early_cpu_init+0x139/0x13e
[    0.000000]  [<ffffffff81f69181>] setup_arch+0xb4/0xcf1
[    0.000000]  [<ffffffff81f5d120>] ? early_idt_handler_array+0x120/0x120
[    0.000000]  [<ffffffff81f5dc74>] start_kernel+0xe4/0x4a2
[    0.000000]  [<ffffffff81f5d120>] ? early_idt_handler_array+0x120/0x120
[    0.000000]  [<ffffffff81f5d339>] x86_64_start_reservations+0x2a/0x2c
[    0.000000]  [<ffffffff81f5d485>] x86_64_start_kernel+0x14a/0x16d
[    0.000000] ---[ end trace 4d5ff9f2f68c4233 ]---
[    0.000000] CPUID[0d, 00]: eax=00000007 ebx=00000440 ecx=00000440 edx=00000000
[    0.000000] CPUID[0d, 01]: eax=00000000 ebx=000003c0 ecx=00000000 edx=00000000
[    0.000000] CPUID[0d, 02]: eax=00000100 ebx=00000240 ecx=00000000 edx=00000000
[    0.000000] CPUID[0d, 03]: eax=00000000 ebx=00000000 ecx=00000000 edx=00000000
[    0.000000] CPUID[0d, 04]: eax=00000000 ebx=00000000 ecx=00000000 edx=00000000
[    0.000000] CPUID[0d, 05]: eax=00000000 ebx=00000000 ecx=00000000 edx=00000000
[    0.000000] CPUID[0d, 06]: eax=00000000 ebx=00000000 ecx=00000000 edx=00000000
[    0.000000] CPUID[0d, 07]: eax=00000000 ebx=00000000 ecx=00000000 edx=00000000
[    0.000000] CPUID[0d, 08]: eax=00000000 ebx=00000000 ecx=00000000 edx=00000000
[    0.000000] CPUID[0d, 09]: eax=00000000 ebx=00000000 ecx=00000000 edx=00000000
[    0.000000] CPUID[0d, 0a]: eax=00000000 ebx=00000000 ecx=00000000 edx=00000000
[    0.000000] CPUID[0d, 0b]: eax=00000000 ebx=00000000 ecx=00000000 edx=00000000
[    0.000000] CPUID[0d, 0c]: eax=00000000 ebx=00000000 ecx=00000000 edx=00000000
[    0.000000] CPUID[0d, 0d]: eax=00000000 ebx=00000000 ecx=00000000 edx=00000000
[    0.000000] CPUID[0d, 0e]: eax=00000000 ebx=00000000 ecx=00000000 edx=00000000
[    0.000000] CPUID[0d, 0f]: eax=00000000 ebx=00000000 ecx=00000000 edx=00000000
[    0.000000] CPUID[0d, 10]: eax=00000000 ebx=00000000 ecx=00000000 edx=00000000
[    0.000000] CPUID[0d, 11]: eax=00000000 ebx=00000000 ecx=00000000 edx=00000000
[    0.000000] x86/fpu: xstate_offset[2]:  576, xstate_sizes[2]:  256
[    0.000000] x86/fpu: Supporting XSAVE feature 0x01: 'x87 floating point registers'
[    0.000000] x86/fpu: Supporting XSAVE feature 0x02: 'SSE registers'
[    0.000000] x86/fpu: Supporting XSAVE feature 0x04: 'AVX registers'
[    0.000000] x86/fpu: Enabled xstate features 0x7, context size is 1088 bytes, using 'standard' format.
[    0.000000] x86/fpu: Using 'lazy' FPU context switches.
[    0.000000] e820: BIOS-provided physical RAM map:
[    0.000000] BIOS-e820: [mem 0x0000000000000000-0x000000000009fbff] usable
[    0.000000] BIOS-e820: [mem 0x000000000009fc00-0x000000000009ffff] reserved
[    0.000000] BIOS-e820: [mem 0x00000000000f0000-0x00000000000fffff] reserved
[    0.000000] BIOS-e820: [mem 0x0000000000100000-0x000000007ffeffff] usable
[    0.000000] BIOS-e820: [mem 0x000000007fff0000-0x000000007fffffff] ACPI data
[    0.000000] BIOS-e820: [mem 0x00000000fec00000-0x00000000fec00fff] reserved
[    0.000000] BIOS-e820: [mem 0x00000000fee00000-0x00000000fee00fff] reserved
[    0.000000] BIOS-e820: [mem 0x00000000fffc0000-0x00000000ffffffff] reserved
[    0.000000] NX (Execute Disable) protection: active
[    0.000000] SMBIOS 2.5 present.
[    0.000000] Hypervisor detected: KVM
[    0.000000] e820: last_pfn = 0x7fff0 max_arch_pfn = 0x400000000
[    0.000000] MTRR: Disabled
[    0.000000] x86/PAT: MTRRs disabled, skipping PAT initialization too.
[    0.000000] x86/PAT: Configuration [0-7]: WB  WT  UC- UC  WB  WT  UC- UC  
[    0.000000] CPU MTRRs all blank - virtualized system.
[    0.000000] found SMP MP-table at [mem 0x0009fff0-0x0009ffff] mapped at [ffff88000009fff0]
[    0.000000] Scanning 1 areas for low memory corruption
[    0.000000] RAMDISK: [mem 0x3622e000-0x3710efff]
[    0.000000] ACPI: Early table checksum verification disabled
[    0.000000] ACPI: RSDP 0x00000000000E0000 000024 (v02 VBOX  )
[    0.000000] ACPI: XSDT 0x000000007FFF0030 00003C (v01 VBOX   VBOXXSDT 00000001 ASL  00000061)
[    0.000000] ACPI: FACP 0x000000007FFF00F0 0000F4 (v04 VBOX   VBOXFACP 00000001 ASL  00000061)
[    0.000000] ACPI: DSDT 0x000000007FFF0470 0021C8 (v02 VBOX   VBOXBIOS 00000002 INTL 20160108)
[    0.000000] ACPI: FACS 0x000000007FFF0200 000040
[    0.000000] ACPI: FACS 0x000000007FFF0200 000040
[    0.000000] ACPI: APIC 0x000000007FFF0240 00005C (v02 VBOX   VBOXAPIC 00000001 ASL  00000061)
[    0.000000] ACPI: SSDT 0x000000007FFF02A0 0001CC (v01 VBOX   VBOXCPUT 00000002 INTL 20160108)
[    0.000000] No NUMA configuration found
[    0.000000] Faking a node at [mem 0x0000000000000000-0x000000007ffeffff]
[    0.000000] NODE_DATA(0) allocated [mem 0x7ffeb000-0x7ffeffff]
[    0.000000] kvm-clock: Using msrs 4b564d01 and 4b564d00
[    0.000000] kvm-clock: cpu 0, msr 0:7ffe3001, primary cpu clock
[    0.000000] kvm-clock: using sched offset of 3107770239 cycles
[    0.000000] clocksource: kvm-clock: mask: 0xffffffffffffffff max_cycles: 0x1cd42e4dffb, max_idle_ns: 881590591483 ns
[    0.000000] Zone ranges:
[    0.000000]   DMA      [mem 0x0000000000001000-0x0000000000ffffff]
[    0.000000]   DMA32    [mem 0x0000000001000000-0x000000007ffeffff]
[    0.000000]   Normal   empty
[    0.000000]   Device   empty
[    0.000000] Movable zone start for each node
[    0.000000] Early memory node ranges
[    0.000000]   node   0: [mem 0x0000000000001000-0x000000000009efff]
[    0.000000]   node   0: [mem 0x0000000000100000-0x000000007ffeffff]
[    0.000000] Initmem setup node 0 [mem 0x0000000000001000-0x000000007ffeffff]
[    0.000000] ACPI: PM-Timer IO Port: 0x4008
[    0.000000] IOAPIC[0]: apic_id 2, version 32, address 0xfec00000, GSI 0-23
[    0.000000] ACPI: INT_SRC_OVR (bus 0 bus_irq 0 global_irq 2 dfl dfl)
[    0.000000] ACPI: INT_SRC_OVR (bus 0 bus_irq 9 global_irq 9 high level)
[    0.000000] Using ACPI (MADT) for SMP configuration information
[    0.000000] smpboot: Allowing 2 CPUs, 0 hotplug CPUs
[    0.000000] PM: Registered nosave memory: [mem 0x00000000-0x00000fff]
[    0.000000] PM: Registered nosave memory: [mem 0x0009f000-0x0009ffff]
[    0.000000] PM: Registered nosave memory: [mem 0x000a0000-0x000effff]
[    0.000000] PM: Registered nosave memory: [mem 0x000f0000-0x000fffff]
[    0.000000] e820: [mem 0x80000000-0xfebfffff] available for PCI devices
[    0.000000] Booting paravirtualized kernel on KVM
[    0.000000] clocksource: refined-jiffies: mask: 0xffffffff max_cycles: 0xffffffff, max_idle_ns: 7645519600211568 ns
[    0.000000] setup_percpu: NR_CPUS:512 nr_cpumask_bits:512 nr_cpu_ids:2 nr_node_ids:1
[    0.000000] PERCPU: Embedded 33 pages/cpu @ffff88007fc00000 s98264 r8192 d28712 u1048576
[    0.000000] PV qspinlock hash table entries: 256 (order: 0, 4096 bytes)
[    0.000000] Built 1 zonelists in Node order, mobility grouping on.  Total pages: 515961
[    0.000000] Policy zone: DMA32
[    0.000000] Kernel command line: BOOT_IMAGE=/boot/vmlinuz-4.4.0-87-generic root=UUID=a857a24a-1868-4c99-8a07-8e21a52a42ae ro console=tty1 console=ttyS0
[    0.000000] PID hash table entries: 4096 (order: 3, 32768 bytes)
[    0.000000] Memory: 2029532K/2096696K available (8474K kernel code, 1293K rwdata, 3984K rodata, 1488K init, 1316K bss, 67164K reserved, 0K cma-reserved)
[    0.000000] SLUB: HWalign=64, Order=0-3, MinObjects=0, CPUs=2, Nodes=1
[    0.000000] Hierarchical RCU implementation.
[    0.000000] 	Build-time adjustment of leaf fanout to 64.
[    0.000000] 	RCU restricting CPUs from NR_CPUS=512 to nr_cpu_ids=2.
[    0.000000] RCU: Adjusting geometry for rcu_fanout_leaf=64, nr_cpu_ids=2
[    0.000000] NR_IRQS:33024 nr_irqs:440 16
[    0.000000] Console: colour VGA+ 80x25
[    0.000000] console [tty1] enabled
[    0.000000] console [ttyS0] enabled
[    0.000000] tsc: Detected 2903.972 MHz processor
[    2.418314] Calibrating delay loop (skipped) preset value.. 5807.94 BogoMIPS (lpj=11615888)
[    2.419462] pid_max: default: 32768 minimum: 301
[    2.420032] ACPI: Core revision 20150930
[    2.421333] ACPI: 2 ACPI AML tables successfully acquired and loaded
[    2.422910] Security Framework initialized
[    2.423901] Yama: becoming mindful.
[    2.424813] AppArmor: AppArmor initialized
[    2.426022] Dentry cache hash table entries: 262144 (order: 9, 2097152 bytes)
[    2.427139] Inode-cache hash table entries: 131072 (order: 8, 1048576 bytes)
[    2.428119] Mount-cache hash table entries: 4096 (order: 3, 32768 bytes)
[    2.428915] Mountpoint-cache hash table entries: 4096 (order: 3, 32768 bytes)
[    2.430239] Initializing cgroup subsys io
[    2.430766] Initializing cgroup subsys memory
[    2.431350] Initializing cgroup subsys devices
[    2.431913] Initializing cgroup subsys freezer
[    2.432469] Initializing cgroup subsys net_cls
[    2.433056] Initializing cgroup subsys perf_event
[    2.433679] Initializing cgroup subsys net_prio
[    2.434242] Initializing cgroup subsys hugetlb
[    2.435016] Initializing cgroup subsys pids
[    2.476827] CPU: Physical Processor ID: 0
[    2.497637] CPU: Processor Core ID: 0
[    2.499300] mce: CPU supports 0 MCE banks
[    2.592548] Last level iTLB entries: 4KB 64, 2MB 8, 4MB 8
[    2.750295] Last level dTLB entries: 4KB 64, 2MB 0, 4MB 0, 1GB 4
[    2.926603] Freeing SMP alternatives memory: 32K (ffffffff820b9000 - ffffffff820c1000)
[    3.175987] ftrace: allocating 32128 entries in 126 pages
[    3.365117] smpboot: APIC(0) Converting physical 0 to logical package 0
[    3.528610] smpboot: Max logical packages: 1
[    3.529388] x2apic enabled
[    3.577144] Switched APIC routing to physical x2apic.
[    3.720895] ..TIMER: vector=0x30 apic1=0 pin1=2 apic2=-1 pin2=-1
[    3.970077] smpboot: CPU0: Intel(R) Core(TM) i7-7820HQ CPU @ 2.90GHz (family: 0x6, model: 0x9e, stepping: 0x9)
[    4.227020] Performance Events: unsupported p6 CPU model 158 no PMU driver, software events only.
[    4.472486] KVM setup paravirtual spinlock
[    4.569018] x86: Booting SMP configuration:
[    4.588037] .... node  #0, CPUs:      #1
[    4.663304] kvm-clock: cpu 1,mmsr 0:7ffe3041, secondary cpu clock
[    4.863210] mce: CPU supports 0 MCE banks
[    4.892077] x86: Booted up 1 node, 2 CPUs
[    4.892848] smpboot: Total of 2 processors activated (11615.88 BogoMIPS)
[    4.896229] devtmpfs: initialized
[    4.901683] evm: security.selinux
[    4.904457] evm: security.SMACK64
[    4.904986] evm: security.SMACK64EXEC
[    4.905585] evm: security.SMACK64TRANSMUTE
[    4.906197] evm: security.SMACK64MMAP
[    4.906759] evm: security.ima
[    4.907250] evm: security.capability
[    4.907964] clocksource: jiffies: mask: 0xffffffff max_cycles: 0xffffffff, max_idle_ns: 7645041785100000 ns
[    4.909316] futex hash table entries: 512 (order: 3, 32768 bytes)
[    4.910389] pinctrl core: initialized pinctrl subsystem
[    4.913057] RTC time:  7:12:16, date: 07/27/17
[    4.913906] NET: Registered protocol family 16
[    4.925825] cpuidle: using governor ladder
[    4.938151] cpuidle: using governor menu
[    5.031315] PCCT header not found.
[    5.078242] ACPI: bus type PCI registered
[    5.078770] acpiphp: ACPI Hot Plug PCI Controller Driver version: 0.5
[    5.079573] PCI: Using configuration type 1 for base access
[    5.090988] ACPI: Added _OSI(Module Device)
[    5.208598] ACPI: Added _OSI(Processor Device)
[    5.298303] ACPI: Added _OSI(3.0 _SCP Extensions)
[    5.427554] ACPI: Added _OSI(Processor Aggregator Device)
[    5.580118] ACPI: Executed 1 blocks of module-level executable AML code
[    5.693103] ACPI: Interpreter enabled
[    5.769067] ACPI: (supports S0 S5)
[    5.769583] ACPI: Using IOAPIC for interrupt routing
[    5.770355] PCI: Using host bridge windows from ACPI; if necessary, use "pci=nocrs" and report a bug
[    5.774017] ACPI: PCI Root Bridge [PCI0] (domain 0000 [bus 00-ff])
[    5.920013] acpi PNP0A03:00: _OSC: OS supports [ASPM ClockPM Segments MSI]
[    5.970955] acpi PNP0A03:00: _OSC failed (AE_NOT_FOUND); disabling ASPM
[    5.985347] acpi PNP0A03:00: fail to add MMCONFIG information, can't access extended PCI configuration space under this bridge.
[    6.096651] PCI host bridge to bus 0000:00
[    6.097189] pci_bus 0000:00: root bus resource [io  0x0000-0x0cf7 window]
[    6.097982] pci_bus 0000:00: root bus resource [io  0x0d00-0xffff window]
[    6.098846] pci_bus 0000:00: root bus resource [mem 0x000a0000-0x000bffff window]
[    6.105071] pci_bus 0000:00: root bus resource [mem 0x80000000-0xffdfffff window]
[    6.164038] pci_bus 0000:00: root bus resource [bus 00-ff]
[    6.165701] pci 0000:00:01.1: legacy IDE quirk: reg 0x10: [io  0x01f0-0x01f7]
[    6.196463] pci 0000:00:01.1: legacy IDE quirk: reg 0x14: [io  0x03f6]
[    6.197205] pci 0000:00:01.1: legacy IDE quirk: reg 0x18: [io  0x0170-0x0177]
[    6.198001] pci 0000:00:01.1: legacy IDE quirk: reg 0x1c: [io  0x0376]
[    6.218030] pci 0000:00:07.0: quirk: [io  0x4000-0x403f] claimed by PIIX4 ACPI
[    6.287104] pci 0000:00:07.0: quirk: [io  0x4100-0x410f] claimed by PIIX4 SMB
[    6.370980] ACPI: PCI Interrupt Link [LNKA] (IRQs 5 9 10 *11)
[    6.518334] ACPI: PCI Interrupt Link [LNKB] (IRQs 5 9 10 *11)
[    6.532361] ACPI: PCI Interrupt Link [LNKC] (IRQs 5 9 *10 11)
[    6.673620] ACPI: PCI Interrupt Link [LNKD] (IRQs 5 *9 10 11)
[    6.733505] ACPI: Enabled 2 GPEs in block 00 to 07
[    6.734492] vgaarb: setting as boot device: PCI:0000:00:02.0
[    6.794910] vgaarb: device added: PCI:0000:00:02.0,decodes=io+mem,owns=io+mem,locks=none
[    6.929218] vgaarb: loaded
[    6.992038] vgaarb: bridge control possible 0000:00:02.0
[    7.125892] SCSI subsystem initialized
[    7.189196] ACPI: bus type USB registered
[    7.289333] usbcore: registered new interface driver usbfs
[    7.439175] usbcore: registered new interface driver hub
[    7.589563] usbcore: registered new device driver usb
[    7.714161] PCI: Using ACPI for IRQ routing
[    7.764504] NetLabel: Initializing
[    7.776249] NetLabel:  domain hash size = 128
[    7.776889] NetLabel:  protocols = UNLABELED CIPSOv4
[    7.777745] NetLabel:  unlabeled traffic allowed by default
[    7.778749] amd_nb: Cannot enumerate AMD northbridges
[    7.779585] clocksource: Switched to clocksource kvm-clock
[    7.785433] AppArmor: AppArmor Filesystem Enabled
[    7.791518] pnp: PnP ACPI init
[    7.792563] pnp: PnP ACPI: found 3 devices
[    7.805249] clocksource: acpi_pm: mask: 0xffffff max_cycles: 0xffffff, max_idle_ns: 2085701024 ns
[    7.817200] NET: Registered protocol family 2
[    7.822559] TCP established hash table entries: 16384 (order: 5, 131072 bytes)
[    7.823965] TCP bind hash table entries: 16384 (order: 6, 262144 bytes)
[    7.828682] TCP: Hash tables configured (established 16384 bind 16384)
[    7.829574] UDP hash table entries: 1024 (order: 3, 32768 bytes)
[    7.830268] UDP-Lite hash table entries: 1024 (order: 3, 32768 bytes)
[    7.831027] NET: Registered protocol family 1
[    7.831588] pci 0000:00:00.0: Limiting direct PCI/PCI transfers
[    7.832296] pci 0000:00:01.0: Activating ISA DMA hang workarounds
[    7.833110] Unpacking initramfs...
[    8.003270] Freeing initrd memory: 15236K (ffff88003622e000 - ffff88003710f000)
[    8.207769] platform rtc_cmos: registered platform RTC device (no PNP device found)
[    8.423989] Scanning for low memory corruption every 60 seconds
[    8.573246] audit: initializing netlink subsys (disabled)
[    8.600293] audit: type=2000 audit(1501139536.897:1): initialized
[    8.765485] Initialise system trusted keyring
[    8.833333] HugeTLB registered 2 MB page size, pre-allocated 0 pages
[    8.849657] zbud: loaded
[    8.852352] VFS: Disk quotas dquot_6.6.0
[    8.854753] VFS: Dquot-cache hash table entries: 512 (order 0, 4096 bytes)
[    8.855845] squashfs: version 4.0 (2009/01/31) Phillip Lougher
[    8.856907] fuse init (API version 7.23)
[    8.862587] Key type big_key registered
[    8.863257] Allocating IMA MOK and blacklist keyrings.
[    8.865251] Key type asymmetric registered
[    8.866412] Asymmetric key parser 'x509' registered
[    8.867682] Block layer SCSI generic (bsg) driver version 0.4 loaded (major 249)
[    8.869533] io scheduler noop registered
[    8.872222] io scheduler deadline registered (default)
[    8.873055] io scheduler cfq registered
[    8.873750] pci_hotplug: PCI Hot Plug PCI Core version: 0.5
[    8.874556] pciehp: PCI Express Hot Plug Controller Driver version: 0.4
[    8.875521] ACPI: AC Adapter [AC] (off-line)
[    8.876210] input: Power Button as /devices/LNXSYSTM:00/LNXPWRBN:00/input/input0
[    8.877353] ACPI: Power Button [PWRF]
[    8.877961] input: Sleep Button as /devices/LNXSYSTM:00/LNXSLPBN:00/input/input1
[    8.879061] ACPI: Sleep Button [SLPF]
[    8.879790] GHES: HEST is not enabled!
[    8.880213] ACPI: Battery Slot [BAT0] (battery present)
[    8.882291] Serial: 8250/16550 driver, 32 ports, IRQ sharing enabled
[    8.904340] 00:02: ttyS0 at I/O 0x3f8 (irq = 4, base_baud = 115200) is a 16550A
[    8.918471] Linux agpgart interface v0.103
[    8.920291] loop: module loaded
[    8.953606] scsi host0: ata_piix
[    8.955366] scsi host1: ata_piix
[    8.955857] ata1: PATA max UDMA/33 cmd 0x1f0 ctl 0x3f6 bmdma 0xd000 irq 14
[    9.052753] ata2: PATA max UDMA/33 cmd 0x170 ctl 0x376 bmdma 0xd008 irq 15
[    9.053598] libphy: Fixed MDIO Bus: probed
[    9.054186] tun: Universal TUN/TAP device driver, 1.6
[    9.144509] tun: (C) 1999-2004 Max Krasnyansky <maxk@qualcomm.com>
[    9.305107] tsc: Refined TSC clocksource calibration: 2903.335 MHz
[    9.324616] clocksource: tsc: mask: 0xffffffffffffffff max_cycles: 0x29d99131786, max_idle_ns: 440795236100 ns
[    9.324728] PPP generic driver version 2.4.2
[    9.324781] ehci_hcd: USB 2.0 'Enhanced' Host Controller (EHCI) Driver
[    9.324787] ehci-pci: EHCI PCI platform driver
[    9.324797] ehci-platform: EHCI generic platform driver
[    9.324804] ohci_hcd: USB 1.1 'Open' Host Controller (OHCI) Driver
[    9.324806] ohci-pci: OHCI PCI platform driver
[    9.324813] ohci-platform: OHCI generic platform driver
[    9.324818] uhci_hcd: USB Universal Host Controller Interface driver
[    9.324866] i8042: PNP: PS/2 Controller [PNP0303:PS2K,PNP0f03:PS2M] at 0x60,0x64 irq 1,12
[    9.326043] serio: i8042 KBD port at 0x60,0x64 irq 1
[    9.326048] serio: i8042 AUX port at 0x60,0x64 irq 12
[    9.326132] mousedev: PS/2 mouse device common for all mice
[    9.326347] rtc_cmos rtc_cmos: rtc core: registered rtc_cmos as rtc0
[    9.326388] rtc_cmos rtc_cmos: alarms up to one day, 114 bytes nvram
[    9.326393] i2c /dev entries driver
[    9.326438] device-mapper: uevent: version 1.0.3
[    9.326478] device-mapper: ioctl: 4.34.0-ioctl (2015-10-28) initialised: dm-devel@redhat.com
[    9.326495] ledtrig-cpu: registered to indicate activity on CPUs
[    9.326695] NET: Registered protocol family 10
[    9.326803] NET: Registered protocol family 17
[    9.326810] Key type dns_resolver registered
[    9.554411] microcode: CPU0 sig=0x906e9, pf=0x8, revision=0x0
[    9.554448] microcode: CPU1 sig=0x906e9, pf=0x8, revision=0x0
[    9.554519] microcode: Microcode Update Driver: v2.01 <tigran@aivazian.fsnet.co.uk>, Peter Oruba
[    9.554649] registered taskstats version 1
[    9.554660] Loading compiled-in X.509 certificates
[    9.555118] Loaded X.509 cert 'Build time autogenerated kernel key: 713bc24ccc5bf0d11d706d6f5bf7187ed23f7b25'
[    9.555132] zswap: loaded using pool lzo/zbud
[    9.556202] Key type trusted registered
[    9.557939] Key type encrypted registered
[    9.557943] AppArmor: AppArmor sha1 policy hashing enabled
[    9.557945] ima: No TPM chip found, activating TPM-bypass!
[    9.557958] evm: HMAC attrs: 0x1
[    9.558111]   Magic number: 9:942:218
[    9.944485] rtc_cmos rtc_cmos: setting system clock to 2017-07-27 07:12:20 UTC (1501139540)
[    9.944587] BIOS EDD facility v0.16 2004-Jun-25, 0 devices found
[    9.944587] EDD information not available.
[   10.139660] input: AT Translated Set 2 keyboard as /devices/platform/i8042/serio0/input/input2
[   11.055523] Freeing unused kernel memory: 1488K (ffffffff81f45000 - ffffffff820b9000)
[   11.684637] Write protecting the kernel read-only data: 14336k
[   11.855127] Freeing unused kernel memory: 1756K (ffff880001849000 - ffff880001a00000)
[   11.856391] Freeing unused kernel memory: 112K (ffff880001de4000 - ffff880001e00000)
Loading, please wait...
[   11.865783] random: systemd-udevd: uninitialized urandom read (16 bytes read, 5 bits of entropy available)
starting version 229
[   11.866229] random: udevadm: uninitialized urandom read (16 bytes read, 5 bits of entropy available)
[   11.866254] random: udevadm: uninitialized urandom read (16 bytes read, 5 bits of entropy available)
[   11.866330] random: udevadm: uninitialized urandom read (16 bytes read, 5 bits of entropy available)
[   11.866360] random: udevadm: uninitialized urandom read (16 bytes read, 5 bits of entropy available)
[   11.866386] random: udevadm: uninitialized urandom read (16 bytes read, 5 bits of entropy available)
[   11.866419] random: udevadm: uninitialized urandom read (16 bytes read, 5 bits of entropy available)
[   11.866445] random: udevadm: uninitialized urandom read (16 bytes read, 5 bits of entropy available)
[   11.866472] random: udevadm: uninitialized urandom read (16 bytes read, 5 bits of entropy available)
[   11.866498] random: udevadm: uninitialized urandom read (16 bytes read, 5 bits of entropy available)
[   12.245555] Fusion MPT base driver 3.04.20
[   12.252621] Copyright (c) 1999-2008 LSI Corporation
[   12.253618] e1000: Intel(R) PRO/1000 Network Driver - version 7.3.21-k8-NAPI
[   12.264101] e1000: Copyright (c) 1999-2006 Intel Corporation.
[   12.270720] Fusion MPT SPI Host driver 3.04.20
[   12.322052] AVX version of gcm_enc/dec engaged.
[   12.634366] AES CTR mode by8 optimization enabled
[   12.645141] input: ImExPS/2 Generic Explorer Mouse as /devices/platform/i8042/serio1/input/input4
[   12.959553] e1000 0000:00:03.0 eth0: (PCI:33MHz:32-bit) 02:df:35:49:a7:44
[   13.045728] e1000 0000:00:03.0 eth0: Intel(R) PRO/1000 Network Connection
[   13.047627] e1000 0000:00:03.0 enp0s3: renamed from eth0
[   13.053749] mptbase: ioc0: Initiating bringup
[   13.116109] ioc0: LSI53C1030 A0: Capabilities={Initiator}
[   13.676665] scsi host2: ioc0: LSI53C1030 A0, FwRev=00000000h, Ports=1, MaxQ=256, IRQ=20
[   13.804156] scsi 2:0:0:0: Direct-Access     VBOX     HARDDISK         1.0  PQ: 0 ANSI: 5
[   13.876443] scsi target2:0:0: Beginning Domain Validation
[   13.877918] scsi target2:0:0: Domain Validation skipping write tests
[   13.904655] scsi target2:0:0: Ending Domain Validation
[   13.954483] scsi target2:0:0: asynchronous
[   13.955439] scsi 2:0:1:0: Direct-Access     VBOX     HARDDISK         1.0  PQ: 0 ANSI: 5
[   13.956527] scsi target2:0:1: Beginning Domain Validation
[   13.958002] scsi target2:0:1: Domain Validation skipping write tests
[   13.994209] scsi target2:0:1: Ending Domain Validation
[   14.074486] scsi target2:0:1: asynchronous
[   14.117937] sd 2:0:0:0: Attached scsi generic sg0 type 0
[   14.134947] sd 2:0:1:0: Attached scsi generic sg1 type 0
[   14.135121] sd 2:0:0:0: [sda] 20971520 512-byte logical blocks: (10.7 GB/10.0 GiB)
[   14.135213] sd 2:0:1:0: [sdb] 20480 512-byte logical blocks: (10.5 MB/10.0 MiB)
[   14.135237] sd 2:0:0:0: [sda] Write Protect is off
[   14.135319] sd 2:0:0:0: [sda] Incomplete mode parameter data
[   14.135320] sd 2:0:0:0: [sda] Assuming drive cache: write through
[   14.135329] sd 2:0:1:0: [sdb] Write Protect is off
[   14.135527] sd 2:0:1:0: [sdb] Incomplete mode parameter data
[   14.135528] sd 2:0:1:0: [sdb] Assuming drive cache: write through
[   14.141117]  sda: sda1
[   14.141839] sd 2:0:0:0: [sda] Attached SCSI disk
[   14.142642] sd 2:0:1:0: [sdb] Attached SCSI disk
[   15.660208] floppy0: no floppy controllers found
Begin: Loading e[   17.089881] md: linear personality registered for level -1
ssential drivers[   17.267528] md: multipath personality registered for level -4
 ... [   17.323571] md: raid0 personality registered for level 0
[   17.406596] md: raid1 personality registered for level 1
[   17.475617] raid6: sse2x1   gen() 10296 MB/s
[   17.663600] raid6: sse2x1   xor()  6583 MB/s
[   17.767614] raid6: sse2x2   gen() 12215 MB/s
[   17.943637] raid6: sse2x2   xor()  8564 MB/s
[   18.035608] raid6: sse2x4   gen() 13637 MB/s
[   18.223628] raid6: sse2x4   xor()  9956 MB/s
[   18.276727] raid6: using algorithm sse2x4 gen() 13637 MB/s
[   18.278481] raid6: .... xor() 9956 MB/s, rmw enabled
[   18.280189] raid6: using ssse3x2 recovery algorithm
[   18.281888] xor: automatically using best checksumming function:
[   18.343903]    avx       : 54670.000 MB/sec
[   18.645161] async_tx: api initialized (async)
[   18.650880] md: raid6 personality registered for level 6
[   18.676572] md: raid5 personality registered for level 5
[   18.775928] md: raid4 personality registered for level 4
[   18.911653] md: raid10 personality registered for level 10
done.
Begin: Running /[   18.956159] Btrfs loaded
scripts/init-premount ... done.
Begin: Mounting root file system ... Begin: Running /scripts/lo[   19.129114] EXT4-fs (sda1): mounted filesystem with ordered data mode. Opts: (null)
cal-top ... done.
Begin: Running /scripts/local-premount ... Scanning for Btrfs filesystems
done.
Warning: fsck not present, so skipping root file system
done.
Begin: Running /scripts/local-bottom ... done.
Begin: Running /scripts/init-bottom ... done.
[   19.554189] systemd[1]: systemd 229 running in system mode. (+PAM +AUDIT +SELINUX +IMA +APPARMOR +SMACK +SYSVINIT +UTMP +LIBCRYPTSETUP +GCRYPT +GNUTLS +ACL +XZ -LZ4 +SECCOMP +BLKID +ELFUTILS +KMOD -IDN)
[   19.576339] systemd[1]: Detected virtualization oracle.
[   19.884212] systemd[1]: Detected architecture x86-64.

Welcome to [1mUbuntu 16.04.2 LTS[0m!

[   19.921097] ssseedd11:: Set hostname to <ubuntu-xenial>.
[   20.251273] random: nonblocking pool is initialized
[   20.393162] systemd[1]: Listening on Journal Socket (/dev/log).
[[0;32m  OK  [0m] Listening on Journal Socket (/dev/log).
[   20.440065] systemd[1]: Listening on udev Kernel Socket.
[[0;32m  OK  [0m] Listening on udev Kernel Socket.
[   20.514931] systemd[1]: Reached target Encrypted Volumes.
[[0;32m  OK  [0m] Reached target Encrypted Volumes.
[   20.516253] systemd[1]: Started Forward Password Requests to Wall Directory Watch.
[[0;32m  OK  [0m] Started Forward Password Requests to Wall Directory Watch.
[   20.531968] systemd[1]: Created slice System Slice.
[[0;32m  OK  [0m] Created slice System Slice.
[   009991592] systemd[1]: Created slieessystem-serial\x2dgetty.slice.
[[0;32m  OK  [0m] Created slice system-serial\x2dgetty.slice.
[   21.557176] systemd[1]: Created slice system-postgresql.slice.
[[0;32m  OK  [0m] Created slice system-postgresql.slice.
[   21.572104] systemd[1]: Listening on Journal Audit Socket.
[[0;32m  OK  [0m] Listening on Journal Audit Socket.
[   21.590645] systemd[1]: Listening on Device-mapper event daemon FIFOs.
[[0;32m  OK  [0m] Listening on Device-mapper event daemon FIFOs.
[   21.592769] systemd[1]: Started Trigger resolvconf update for networkd DNS.
[[0;32m  OK  [0m] Started Trigger resolvconf update for networkd DNS.
[   21.595067] systemd[1]: Created slice User and Session Slice.
[[0;32m  OK  [0m] Created slice User and Session Slice.
[   21.596446] systemd[1]: Reached target Slices.
[[0;32m  OK  [0m] Reached target Slices.
[   21.734001] systemd[1]: Listening on LVM2 metadata daemon socket.
[[0;32m  OK  [0m] Listening on LVM2 metadata daemon socket.
[   21.754954] systemd[1]: Set up automount Arbitrary Executable File Formats File System Automount Point.
[[0;32m  OK  [0m] Set up automount Arbitrary Executab...ats File System Automount Point.
[   21.868058] systemd[1]: Reached target User and Group Name Lookups.
[[0;32m  OK  [0m] Reached target User and Group Name Lookups.
[   22.448851] systemd[1]: Listening on LVM2 poll daemon socket.
[[0;32m  OK  [0m] Listening on LVM2 poll daemon socket.
[   22.450455] systemd[1]: Listening on /dev/initctl Compatibility Named Pipe.
[[0;32m  OK  [0m] Listening on /dev/initctl Compatibility Named Pipe.
[   22.451974] systemd[1]: Listening on Syslog Socket.
[[0;32m  OK  [0m] Listening on Syslog Socket.
[   22.453113] systemd[1]: Reached target Swap.
[[0;32m  OK  [0m] Reached target Swap.
[   22.454162] systemd[1]: Listening on udev Control Socket.
[[0;32m  OK  [0m] Listening on udev Control Socket.
[   22.455394] systemd[1]: Listening on Journal Socket.
[[0;32m  OK  [0m] Listening on Journal Socket.
[   22.471780] systemd[1]: Starting Nameserver information manager...
         Starting Nameserver information manager...
[   22.515285] systemd[1]: Mounting POSIX Message Queue File System...
         Mounting POSIX Message Queue File System...
[   22.548045] systemd[1]: Starting Create list of required ttatic device nodes for the current kernel...
         Starting Create list of required st... nodes for the current kernel...
[   22.944013] systemd[1]: Starting Monitoring of LVM2 mirrors, snapshots etc. using dmeventd or progress polling...
         Starting Monitoring of LVM2 mirrors... dmeventd or progress polling...
[   23.116791] systemd[1]: Starting Load Kernel Modules...
[   23.320160] Loading iSCSI transport class v2.0-870.
         Startin[   23.455299] iscsi: registered transport (tcp)
g Load Kernel Modules...
[   23.617901] iscsi: registered transport (iser)
[   2..679731] systedd11]: Startin  Uncomplicated firewall...
         Starting Uncomplicated firewall...
[   24.087863] systemd[1]: Starting Remount Root and Kernel File Systems...
[   24.091771] EXT4-fs (sda1): re-mounted. Opts: (null)
         Starting Remount Root and Kernel File Systems...
[   24.136177] systemd[1]: Mounting Huge Pages File System...
         Mounting Huge Pages File System...
[   24.137766] systemd[1]: Starting Journal Service...
         Starting Journal Service...
[   24.140390] systemd[1]: Mounting Debug File System...
         Mounting Debug File System...
[   24.157061] systemd[1]: Starting Set consol  eemmap...
         Starting Set console keymap...
[   24.405635] systemd[1]: Mounted Huge Pages File System.
[[0;32m  OK  [0m] Mounted Huge Pages File System.
[   24.424737] systemd[1]: Mounted Debug File System.
[[0;32m  OK  [0m] Mounted Debug File System.
[   24.431754] systemd[1]: Mounted POSIX Message Queue File System.
[[0;32m  OK  [0m] Mounted POSIX Message Queue File System.
[   24.562087] systemd[1]: Started Journal Service.
[[0;32m  OK  [0m] Started Journal Service.
[[0;32m  OK  [0m] Started Create list of required sta...ce nodes for the current kernel.
[[0;32m  OK  [0m] Started Load Kernel Modules.
[[0;32m  OK  [0m] Started Uncomplicated firewall.
[[0;32m  OK  [0m] Started Remount Root and Kernel File Systems.
[[0;32m  OK  [0m] Started Set console keymap.
[[0;32m  OK  [0m] Started Nameserver information manager.
[[0;32m  OK  [0m] Started LVM2 metadata daemon.
         Starting Initial cloud-init job (pre-networking)...
         Starting Load/Save Random Seed...
         Starting udev Coldplug all Devices...
         Mounting FUSE Control File System...
         Starting Apply Kernel Variables...
         Starting Create Static Device Nodes in /dev...
         Starting Flush Journal to Persistent Storage...
[[0;32m  OK  [0m] Mounted FUSE Control File System.
[[0;32m  OK  [0m] Started Load/Save Random Seed.
[[0;32m  OK  [0m] Started Apply Kernel Variables.
[[0;32m  OK  [0m] Started Create Static Device Nodes in /dev.
[[0;32m  OK  [0m] Started udev Coldplug all Devices.
         Starting udev Kernel Device Manager...
[[0;32m  OK  [0m] Started Flush Journal to Persistent Storage.
[[0;32m  OK  [0m] Started udev Kernel Device Manager.
[[0;32m  OK  [0m] Started Dispatch Password Requests to Console Directory Watch.
[[0;32m  OK  [0m] Started Monitoring of LVM2 mirrors,...ng dmeventd or progress polling.
[[0;32m  OK  [0m] Found device /dev/ttyS0.
[[0;32m  OK  [0m] Reached target Local File Systems (Pre).
[[0;32m  OK  [0m] Reached target Local File Systems.
         Starting Set console font and keymap...
         Starting Create Volatile Files and Directories...
         Starting Tell Plymouth To Write Out Runtime Data...
         Starting LSB: AppArmor initialization...
[[0;32m  OK  [0m] Started Set console font and keymap.
[[0;32m  OK  [0m] Started Create Volatile Files and Directories.
[[0;32m  OK  [0m] Started Tell Plymouth To Write Out Runtime Data.
[   18.292686] cloud-init[453]: Cloud-init v. 0.7.9 running 'init-local' at Thu, 27 Jul 2017 07:12:36 +0000. Up 18.12 seconds.
[[0;32m  OK  [0m] Listening on Load/Save RF Kill Switch Status /dev/rfkill Watch.
         Starting Update UTMP about System Boot/Shutdown...
[[0;32m  OK  [0m] Reached target System Time Synchronized.
[[0;32m  OK  [0m] Created slice system-getty.slice.
[[0;32m  OK  [0m] Started LSB: AppArmor initialization.
[[0;32m  OK  [0m] Started Initial cloud-init job (pre-networking).
[[0;32m  OK  [0m] Started Update UTMP about System Boot/Shutdown.
[[0;32m  OK  [0m] Reached target Network (Pre).
[[0;32m  OK  [0m] Started ifup for enp0s3.
         Starting Raise network interfaces...
[[0;32m  OK  [0m] Started Raise network interfaces.
         Starting Initial cloud-init job (metadata service crawler)...
[   21.308669] cloud-init[1016]: Cloud-init v. 0.7.9 running 'init' at Thu, 27 Jul 2017 07:12:39 +0000. Up 21.12 seconds.
[   21.357057] [cloud-init[0;32m  OK  [0m[1016]: ] ci-info: +++++++++++++++++++++++++++++++++++++Net device info++++++++++++++++++++++++++++++++++++++Started Initial cloud-init job (metadata service crawler).

[   21.357233] cloud-init[1016]: ci-info: +--------+------+----------------------------+---------------+-------+-------------------+[[0;32m  OK  [0m] Reached target Cloud-config availability.
[[0;32m  OK  [0m] Reached target System Initialization.

[   21.410888] [[0;32m  OK  [0m] Started Daily Cleanup of Temporary Directories.
cloud-init[1016]:          Starting LXD - unix socket.
         Starting Docker Socket for the API.
[[0;32m  OK  [0m] Listening on ACPID Listen Socket.
ci-info: | Device |  Up  |          Address           |      Mask     | Scope |     Hw-Address    |
[   21.468373] cloud-init[1016]: ci-info: +--------+------+----------------------------+---------------+-------+-------------------+
[   21.469346] cloud-init[1016]: ci-info: | enp0s3 | True |         10.0.2.15          | 255.255.255.0 |   .   | 02:df:35:49:a7:44 |
[   21.471467] cloud-init[1016]: ci-info: | enp0s3 | True | fe80::df:35ff:fe49:a744/64 |       .       |  link | 02:df:35:49:a7:44 |
[   21.472404] cloud-init[1016]: ci-info: |   lo   | True |         127.0.0.1          |   255.0.0.0   |   .   |         .         |
[   21.473425] cloud-init[1016]: ci-info: |   lo   | True |          ::1/128           |       .       |  host |         .         |
[   21.506678] cloud-init[1016]: ci-info: +--------+------+----------------------------+---------------+-------+-------------------+
[   21.515380] cloud-init[1016]: ci-info: +++++++++++++++++++++++++++Route IPv4 info++++++++++++++++++++++++++++
[   21.521605] cloud-init[1016]: ci-info: +-------+-------------+----------+---------------+-----------+-------+
[   21.541379] cloud-init[1016]: ci-info: | Route | Destination | Gateway  |    Genmask    | Interface | Flags |
[   21.571020] cloud-init[1016]: ci-info: +-------+-------------+----------+---------------+-----------+-------+
[   21.576326] cloud-init[1016]: ci-info: |   0   |   0.0.0.0   | 10.0.2.2 |    0.0.0.0    |   enp0s3  |   UG  |
[[0;32m  OK  [0m] Started Daily apt activities.
[[0;32m  OK  [0m] Listening on D-Bus System Message Bus Socket.
[   21.579627] cloud-init[1016]: ci-info: |   1   |   10.0.2.0  | 0.0.0.0  | 255.255.255.0 |   enp0s3  |   U   |
[   21.585865] cloud-init[1016]: ci-info: +-------+-------------+----------+---------------+-----------+-------+
[[0;32m  OK  [0m] Started ACPI Events Check.
[[0;32m  OK  [0m] Reached target Paths.
[[0;32m  OK  [0m] Started Timer to automatically refresh installed snaps.
[[0;32m  OK  [0m] Reached target Timers.
         Starting Socket activation for snappy daemon.
[[0;32m  OK  [0m] Listening on UUID daemon activation socket.
[[0;32m  OK  [0m] Listening on LXD - unix socket.
[[0;32m  OK  [0m] Listening on Docker Socket for the API.
[[0;32m  OK  [0m] Listening on Socket activation for snappy daemon.
[[0;32m  OK  [0m] Reached target Sockets.
[[0;32m  OK  [0m] Reached target Basic System.
[[0;32m  OK  [0m] Started FUSE filesystem for LXC.
[[0;32m  OK  [0m] Started Regular background program processing daemon.
         Starting System Logging Service...
         Starting VirtualBox Linux kernel module...
         Starting Detect the available GPUs and deal with any system changes...
         Starting LSB: Record successful boot for GRUB...
         Starting LXD - container startup/shutdown...
[[0;32m  OK  [0m] Started D-Bus System Message Bus.
         Starting Network Manager...
         Starting Login Service...
[[0;32m  OK  [0m] Started ACPI event daemon.
         Starting Accounts Service...
         Starting PostgreSQL Cluster 9.5-main...
         Starting vboxadd-x11.service...
         Starting vboxadd.service...
         Starting LSB: MD monitoring daemon...
[[0;32m  OK  [0m] Started Snappy daemon.
         Starting Auto import assertions from block devices...
[[0;32m  OK  [0m] Started Deferred execution scheduler.
[[0;32m  OK  [0m] Started System Logging Service.
[[0;32m  OK  [0m] Started VirtualBox Linux kernel module.
[[0;32m  OK  [0m] Started Detect the available GPUs and deal with any system changes.
[[0;32m  OK  [0m] Started LXD - container startup/shutdown.
[[0;32m  OK  [0m] Started vboxadd-x11.service.
[[0;32m  OK  [0m] Started Auto import assertions from block devices.
[[0;32m  OK  [0m] Started LSB: Record successful boot for GRUB.
[[0;32m  OK  [0m] Started vboxadd.service.
[[0;32m  OK  [0m] Started Network Manager.
[[0;32m  OK  [0m] Started LSB: MD monitoring daemon.
[[0;32m  OK  [0m] Started Login Service.
         Starting Network Manager Script Dispatcher Service...
[[0;32m  OK  [0m] Reached target Network.
[[0;32m  OK  [0m] Started Unattended Upgrades Shutdown.
         Starting Network Manager Wait Online...
         Starting Authenticate and Authorize Users to Run Privileged Tasks...
         Starting vboxadd-service.service...
         Starting vboxballoonctrl-service.service...
         Starting vboxautostart-service.service...
         Starting vboxweb-service.service...
[[0;32m  OK  [0m] Started vboxadd-service.service.
[[0;32m  OK  [0m] Started vboxballoonctrl-service.service.
[[0;32m  OK  [0m] Started vboxautostart-service.service.
[[0;32m  OK  [0m] Started vboxweb-service.service.
[[0;32m  OK  [0m] Started Network Manager Script Dispatcher Service.
[[0;32m  OK  [0m] Started Authenticate and Authorize Users to Run Privileged Tasks.
[[0;32m  OK  [0m] Started Accounts Service.
         Starting Hostname Service...
[[0;32m  OK  [0m] Started Hostname Service.
[[0;32m  OK  [0m] Started Network Manager Wait Online.
[[0;32m  OK  [0m] Reached target Network is Online.
         Starting Apply the settings specified in cloud-config...
         Starting OpenBSD Secure Shell server...
         Starting iSCSI initiator daemon (iscsid)...
         Starting /etc/rc.local Compatibility...
         Starting Docker Application Container Engine...
[[0;32m  OK  [0m] Started OpenBSD Secure Shell server.
[   23.073807] cloud-init[1358]: Cloud-init v. 0.7.9 running 'modules:config' at Thu, 27 Jul 2017 07:12:41 +0000. Up 23.00 seconds.
[[0;32m  OK  [0m] Started /etc/rc.local Compatibility.
[[0;32m  OK  [0m] Started Apply the settings specified in cloud-config.
[[0;32m  OK  [0m] Started iSCSI initiator daemon (iscsid).
         Starting Login to default iSCSI targets...
[[0;32m  OK  [0m] Started Login to default iSCSI targets.
[[0;32m  OK  [0m] Reached target Remote File Systems (Pre).
[[0;32m  OK  [0m] Reached target Remote File Systems.
         Starting LSB: Set the CPU Frequency Scaling governor to "ondemand"...
         Starting LSB: daemon to balance interrupts for SMP systems...
         Starting LSB: automatic crash report generation...
         Starting LSB: Start/stop sysstat's sadc...
         Starting LSB: Set up cgroupfs mounts....
         Starting Permit User Sessions...
[[0;32m  OK  [0m] Started LSB: Set up cgroupfs mounts..
[[0;32m  OK  [0m] Started Permit User Sessions.
[[0;32m  OK  [0m] Started LSB: Set the CPU Frequency Scaling governor to "ondemand".
[[0;32m  OK  [0m] Started LSB: Start/stop sysstat's sadc.
[[0;32m  OK  [0m] Started LSB: daemon to balance interrupts for SMP systems.
[[0;32m  OK  [0m] Started LSB: automatic crash report generation.
         Starting Light Display Manager...
         Starting Hold until boot process finishes up...
[[0;32m  OK  [0m] Started Hold until boot process finishes up.
[[0;32m  OK  [0m] Started Getty on tty1.
         Starting Set console scheme...
[[0;32m  OK  [0m] Started Serial Getty on ttyS0.
[[0;32m  OK  [0m] Reached target Login Prompts.
[[0;32m  OK  [0m] Started Set console scheme.
[[0;32m  OK  [0m] Started Light Display Manager.
[[0;32m  OK  [0m] Created slice User Slice of ubuntu.
         Starting User Manager for UID 1000...
[[0;32m  OK  [0m] Started User Manager for UID 1000.
[[0;32m  OK  [0m] Started Session 1 of user ubuntu.
[[0;32m  OK  [0m] Created slice User Slice of lightdm.
         Starting User Manager for UID 112...
[[0;32m  OK  [0m] Started User Manager for UID 112.
[[0;32m  OK  [0m] Started Session c1 of user lightdm.
[[0;32m  OK  [0m] Started PostgreSQL Cluster 9.5-main.
         Starting PostgreSQL RDBMS...
[[0;32m  OK  [0m] Started PostgreSQL RDBMS.
[[0;32m  OK  [0m] Started Docker Application Container Engine.
[[0;32m  OK  [0m] Reached target Multi-User System.
         Starting Execute cloud user/final scripts...
[[0;32m  OK  [0m] Reached target Graphical Interface.
         Starting Update UTMP about System Runlevel Changes...
         Starting Daemon for power management...
[[0;32m  OK  [0m] Started Daemon for power management.
[   25.071344] cloud-init[1889]: Cloud-init v. 0.7.9 running 'modules:final' at Thu, 27 Jul 2017 07:12:43 +0000. Up 24.96 seconds.
[   25.140293] cloud-init[1889]: Cloud-init v. 0.7.9 finished at Thu, 27 Jul 2017 07:12:43 +0000. Datasource DataSourceNoCloud [seed=/dev/sdb][dsmode=net].  Up 25.06 seconds
[[0;32m  OK  [0m] Started Update UTMP about System Runlevel Changes.
[[0;32m  OK  [0m] Started Execute cloud user/final scripts.
[[0;32m  OK  [0m] Reached target Cloud-init target.

Ubuntu 16.04.2 LTS ubuntu-xenial ttyS0

ubuntu-xenial login: 